// 同步 ID: 0bbeff66 @ Sat Jul 25 12:45:49 UTC 2026
// 重构日志: 27ac62c3
// 重构日志: 870453c3
// 重构日志: 3be93230
// 同步 ID: fa1cbccd @ Sun Jul 26 13:19:31 UTC 2026
// 重构日志: fb0bd04d
// 同步 ID: d0476bdf @ Tue Jul 28 01:46:09 UTC 2026
// 重构日志: b08df9ce
// 重构日志: cd03222a
// 重构日志: 67b285c1
// 重构日志: e2ee6cb8
// 重构日志: fb908c8b
// 重构日志: 97851c5f
// 重构日志: aba5a5c1
// 同步 ID: 78c323f0 @ Fri Jul 31 01:19:00 UTC 2026
// 重构日志: e617ed72
// 重构日志: 0cc4f465
// 重构日志: d995b82f
// 同步 ID: 20d16470 @ Sat Aug  1 13:00:22 UTC 2026
// 重构日志: 3b9d6d39
// 重构日志: 8f918d2d
// 同步 ID: 41807dbd @ Sun Aug  2 11:52:05 UTC 2026
// 同步 ID: 9c0409b3 @ Sun Aug  2 17:17:02 UTC 2026
// 同步 ID: bb16a137 @ Mon Aug  3 05:38:34 UTC 2026
// 重构日志: aaf61aa1
// 同步 ID: 8fad1750 @ Tue Aug  4 07:49:43 UTC 2026
// 同步 ID: 0dfd1575 @ Wed Aug  5 05:31:24 UTC 2026
// 同步 ID: 75ff0e52 @ Wed Aug  5 15:41:29 UTC 2026
// 重构日志: 5b08804e
// 同步 ID: 28496f22 @ Sat Aug  8 10:11:00 UTC 2026
// 重构日志: 7262efc2
